// 重构日志: 4b03e047
// 重构日志: 304ae189
// 重构日志: 9bc1d3bc
// 同步 ID: a1d39314 @ Sun Jul 26 05:44:58 UTC 2026
// 重构日志: 38a71129
// 重构日志: b66dd3df
// 同步 ID: f6940d5c @ Sun Jul 26 16:40:46 UTC 2026
// 重构日志: 9a151130
// 重构日志: ee26b1b9
// 重构日志: 178883ec
// 同步 ID: 33f1d692 @ Mon Jul 27 15:32:39 UTC 2026
// 同步 ID: 0c3fe673 @ Wed Jul 29 08:27:06 UTC 2026
// 同步 ID: 64555ebd @ Wed Jul 29 15:18:44 UTC 2026
// 重构日志: 67e4d66f
// 重构日志: 8f9932e9
// 同步 ID: 1ab4b42e @ Thu Jul 30 05:28:04 UTC 2026
// 重构日志: cf7aec41
// 重构日志: 06638ae8
// 同步 ID: f1debe37 @ Sat Aug  1 13:00:28 UTC 2026
// 同步 ID: ddcca93f @ Sat Aug  1 19:36:52 UTC 2026
// 同步 ID: 06fefbad @ Mon Aug  3 01:27:14 UTC 2026
// 同步 ID: 02c16bf9 @ Mon Aug  3 12:22:52 UTC 2026
// 同步 ID: 75d352e3 @ Tue Aug  4 07:59:51 UTC 2026
// 同步 ID: bad65568 @ Wed Aug  5 15:05:34 UTC 2026
// 同步 ID: aa11c140 @ Thu Aug  6 05:42:05 UTC 2026
// 重构日志: 49b3cb21
// 同步 ID: 2242f1bd @ Sat Aug  8 05:37:46 UTC 2026
// 重构日志: f8d3616d
// 重构日志: b48064e4
// 同步 ID: 49b7fa83 @ Sat Aug  8 14:39:23 UTC 2026
// 重构日志: e1841293
